[0.269s] Invoking command in '/home/kirti/rarm_ws/src/rarm_5/build/rarm_5': CMAKE_PREFIX_PATH=${CMAKE_PREFIX_PATH}:/home/kirti/ENPM662/install/openloop_controller:/opt/ros/galactic /usr/bin/cmake /home/kirti/rarm_ws/src/rarm_5 -DCMAKE_INSTALL_PREFIX=/home/kirti/rarm_ws/src/rarm_5/install/rarm_5
[0.322s] -- The C compiler identification is GNU 9.4.0
[0.392s] -- The CXX compiler identification is GNU 9.4.0
[0.397s] -- Check for working C compiler: /usr/bin/cc
[0.464s] -- Check for working C compiler: /usr/bin/cc -- works
[0.466s] -- Detecting C compiler ABI info
[0.535s] -- Detecting C compiler ABI info - done
[0.555s] -- Detecting C compile features
[0.556s] -- Detecting C compile features - done
[0.559s] -- Check for working CXX compiler: /usr/bin/c++
[0.640s] -- Check for working CXX compiler: /usr/bin/c++ -- works
[0.642s] -- Detecting CXX compiler ABI info
[0.758s] -- Detecting CXX compiler ABI info - done
[0.776s] -- Detecting CXX compile features
[0.777s] -- Detecting CXX compile features - done
[0.781s] -- Found ament_cmake: 1.1.6 (/opt/ros/galactic/share/ament_cmake/cmake)
[0.824s] -- Found PythonInterp: /usr/bin/python3 (found suitable version "3.8.10", minimum required is "3") 
[0.824s] -- Using PYTHON_EXECUTABLE: /usr/bin/python3
[0.957s] -- Found robot_state_publisher: 2.5.3 (/opt/ros/galactic/share/robot_state_publisher/cmake)
[1.001s] -- Using all available rosidl_typesupport_c: rosidl_typesupport_fastrtps_c;rosidl_typesupport_introspection_c
[1.013s] -- Found rosidl_adapter: 2.2.3 (/opt/ros/galactic/share/rosidl_adapter/cmake)
[1.143s] -- Found OpenSSL: /usr/lib/x86_64-linux-gnu/libcrypto.so (found version "1.1.1f")  
[1.191s] -- Found FastRTPS: /opt/ros/galactic/include  
[1.318s] -- Using all available rosidl_typesupport_cpp: rosidl_typesupport_fastrtps_cpp;rosidl_typesupport_introspection_cpp
[1.368s] -- Found eigen3_cmake_module: 0.1.1 (/opt/ros/galactic/share/eigen3_cmake_module/cmake)
[1.373s] -- Found Eigen3: TRUE (found version "3.3.7") 
[1.464s] -- Found rmw_implementation_cmake: 3.3.1 (/opt/ros/galactic/share/rmw_implementation_cmake/cmake)
[1.469s] -- Found rmw_cyclonedds_cpp: 0.22.6 (/opt/ros/galactic/share/rmw_cyclonedds_cpp/cmake)
[1.502s] -- Using RMW implementation 'rmw_cyclonedds_cpp' as default
[1.504s] -- Looking for pthread.h
[1.611s] -- Looking for pthread.h - found
[1.611s] -- Performing Test CMAKE_HAVE_LIBC_PTHREAD
[1.685s] -- Performing Test CMAKE_HAVE_LIBC_PTHREAD - Failed
[1.685s] -- Looking for pthread_create in pthreads
[1.749s] -- Looking for pthread_create in pthreads - not found
[1.749s] -- Looking for pthread_create in pthread
[1.826s] -- Looking for pthread_create in pthread - found
[1.828s] -- Found Threads: TRUE  
[3.078s] -- Found xacro: 2.0.7 (/opt/ros/galactic/share/xacro/cmake)
[3.082s] -- Found ros2_control: 1.6.0 (/opt/ros/galactic/share/ros2_control/cmake)
[3.085s] -- Found ament_lint_auto: 0.10.7 (/opt/ros/galactic/share/ament_lint_auto/cmake)
[3.213s] -- Added test 'copyright' to check source files copyright and LICENSE
[3.222s] -- Added test 'cppcheck' to perform static code analysis on C / C++ code
[3.223s] -- Configured cppcheck include dirs: 
[3.223s] -- Configured cppcheck exclude dirs and/or files: 
[3.232s] -- Added test 'cpplint' to check C / C++ code against the Google style
[3.233s] -- Configured cpplint exclude dirs and/or files: 
[3.234s] -- Added test 'flake8' to check Python code syntax and style conventions
[3.237s] -- Added test 'lint_cmake' to check CMake code style
[3.239s] -- Added test 'pep257' to check Python code against some of the style conventions in PEP 257
[3.249s] -- Added test 'uncrustify' to check C / C++ code style
[3.249s] -- Configured uncrustify additional arguments: 
[3.251s] -- Added test 'xmllint' to check XML markup files
[3.258s] -- Configuring done
[3.261s] -- Generating done
[3.265s] -- Build files have been written to: /home/kirti/rarm_ws/src/rarm_5/build/rarm_5
[3.279s] Invoked command in '/home/kirti/rarm_ws/src/rarm_5/build/rarm_5' returned '0': CMAKE_PREFIX_PATH=${CMAKE_PREFIX_PATH}:/home/kirti/ENPM662/install/openloop_controller:/opt/ros/galactic /usr/bin/cmake /home/kirti/rarm_ws/src/rarm_5 -DCMAKE_INSTALL_PREFIX=/home/kirti/rarm_ws/src/rarm_5/install/rarm_5
[3.285s] Invoking command in '/home/kirti/rarm_ws/src/rarm_5/build/rarm_5': CMAKE_PREFIX_PATH=${CMAKE_PREFIX_PATH}:/home/kirti/ENPM662/install/openloop_controller:/opt/ros/galactic /usr/bin/cmake --build /home/kirti/rarm_ws/src/rarm_5/build/rarm_5 -- -j8 -l8
[3.349s] Invoked command in '/home/kirti/rarm_ws/src/rarm_5/build/rarm_5' returned '0': CMAKE_PREFIX_PATH=${CMAKE_PREFIX_PATH}:/home/kirti/ENPM662/install/openloop_controller:/opt/ros/galactic /usr/bin/cmake --build /home/kirti/rarm_ws/src/rarm_5/build/rarm_5 -- -j8 -l8
[3.402s] Invoking command in '/home/kirti/rarm_ws/src/rarm_5/build/rarm_5': CMAKE_PREFIX_PATH=${CMAKE_PREFIX_PATH}:/home/kirti/ENPM662/install/openloop_controller:/opt/ros/galactic /usr/bin/cmake --install /home/kirti/rarm_ws/src/rarm_5/build/rarm_5
[3.414s] -- Install configuration: ""
[3.414s] -- Installing: /home/kirti/rarm_ws/src/rarm_5/install/rarm_5/include/rarm_5
[3.415s] -- Installing: /home/kirti/rarm_ws/src/rarm_5/install/rarm_5/lib/rarm_5/robot_description_publisher.py
[3.415s] -- Installing: /home/kirti/rarm_ws/src/rarm_5/install/rarm_5/share/rarm_5//urdf
[3.415s] -- Installing: /home/kirti/rarm_ws/src/rarm_5/install/rarm_5/share/rarm_5//urdf/rarm_5.urdf.xacro
[3.415s] -- Installing: /home/kirti/rarm_ws/src/rarm_5/install/rarm_5/share/rarm_5//urdf/rarm_5.csv
[3.416s] -- Installing: /home/kirti/rarm_ws/src/rarm_5/install/rarm_5/share/rarm_5//meshes
[3.416s] -- Installing: /home/kirti/rarm_ws/src/rarm_5/install/rarm_5/share/rarm_5//meshes/link_2.STL
[3.416s] -- Installing: /home/kirti/rarm_ws/src/rarm_5/install/rarm_5/share/rarm_5//meshes/link_1.STL
[3.416s] -- Installing: /home/kirti/rarm_ws/src/rarm_5/install/rarm_5/share/rarm_5//meshes/base_link.STL
[3.416s] -- Installing: /home/kirti/rarm_ws/src/rarm_5/install/rarm_5/share/rarm_5//meshes/link_3.STL
[3.416s] -- Installing: /home/kirti/rarm_ws/src/rarm_5/install/rarm_5/share/rarm_5//meshes/link_5.STL
[3.417s] -- Installing: /home/kirti/rarm_ws/src/rarm_5/install/rarm_5/share/rarm_5//meshes/link_4.STL
[3.417s] -- Installing: /home/kirti/rarm_ws/src/rarm_5/install/rarm_5/share/rarm_5//launch
[3.417s] -- Installing: /home/kirti/rarm_ws/src/rarm_5/install/rarm_5/share/rarm_5//launch/gazebo.launch.py
[3.417s] -- Installing: /home/kirti/rarm_ws/src/rarm_5/install/rarm_5/share/rarm_5//launch/spawn_robot_ros2.launch.py
[3.418s] -- Installing: /home/kirti/rarm_ws/src/rarm_5/install/rarm_5/share/rarm_5//launch/robot_description_publisher.py
[3.418s] -- Installing: /home/kirti/rarm_ws/src/rarm_5/install/rarm_5/share/rarm_5//worlds
[3.418s] -- Installing: /home/kirti/rarm_ws/src/rarm_5/install/rarm_5/share/rarm_5//worlds/empty_world.world
[3.418s] -- Installing: /home/kirti/rarm_ws/src/rarm_5/install/rarm_5/share/rarm_5//config
[3.418s] -- Installing: /home/kirti/rarm_ws/src/rarm_5/install/rarm_5/share/rarm_5//config/control.yaml
[3.419s] -- Installing: /home/kirti/rarm_ws/src/rarm_5/install/rarm_5/share/ament_index/resource_index/package_run_dependencies/rarm_5
[3.419s] -- Installing: /home/kirti/rarm_ws/src/rarm_5/install/rarm_5/share/ament_index/resource_index/parent_prefix_path/rarm_5
[3.419s] -- Installing: /home/kirti/rarm_ws/src/rarm_5/install/rarm_5/share/rarm_5/environment/ament_prefix_path.sh
[3.419s] -- Installing: /home/kirti/rarm_ws/src/rarm_5/install/rarm_5/share/rarm_5/environment/ament_prefix_path.dsv
[3.419s] -- Installing: /home/kirti/rarm_ws/src/rarm_5/install/rarm_5/share/rarm_5/environment/path.sh
[3.420s] -- Installing: /home/kirti/rarm_ws/src/rarm_5/install/rarm_5/share/rarm_5/environment/path.dsv
[3.420s] -- Installing: /home/kirti/rarm_ws/src/rarm_5/install/rarm_5/share/rarm_5/local_setup.bash
[3.420s] -- Installing: /home/kirti/rarm_ws/src/rarm_5/install/rarm_5/share/rarm_5/local_setup.sh
[3.420s] -- Installing: /home/kirti/rarm_ws/src/rarm_5/install/rarm_5/share/rarm_5/local_setup.zsh
[3.420s] -- Installing: /home/kirti/rarm_ws/src/rarm_5/install/rarm_5/share/rarm_5/local_setup.dsv
[3.421s] -- Installing: /home/kirti/rarm_ws/src/rarm_5/install/rarm_5/share/rarm_5/package.dsv
[3.421s] -- Installing: /home/kirti/rarm_ws/src/rarm_5/install/rarm_5/share/ament_index/resource_index/packages/rarm_5
[3.421s] -- Installing: /home/kirti/rarm_ws/src/rarm_5/install/rarm_5/share/rarm_5/cmake/rarm_5Config.cmake
[3.421s] -- Installing: /home/kirti/rarm_ws/src/rarm_5/install/rarm_5/share/rarm_5/cmake/rarm_5Config-version.cmake
[3.422s] -- Installing: /home/kirti/rarm_ws/src/rarm_5/install/rarm_5/share/rarm_5/package.xml
[3.425s] Invoked command in '/home/kirti/rarm_ws/src/rarm_5/build/rarm_5' returned '0': CMAKE_PREFIX_PATH=${CMAKE_PREFIX_PATH}:/home/kirti/ENPM662/install/openloop_controller:/opt/ros/galactic /usr/bin/cmake --install /home/kirti/rarm_ws/src/rarm_5/build/rarm_5
