[2.782s] DEBUG:colcon:Command line arguments: ['/usr/bin/colcon', 'build']
[2.782s] DEBUG:colcon:Parsed command line arguments: Namespace(allow_overriding=[], ament_cmake_args=None, base_paths=['.'], build_base='build', catkin_cmake_args=None, catkin_skip_building_tests=False, cmake_args=None, cmake_clean_cache=False, cmake_clean_first=False, cmake_force_configure=False, cmake_target=None, cmake_target_skip_unavailable=False, continue_on_error=False, event_handlers=None, executor='parallel', ignore_user_meta=False, install_base='install', log_base=None, log_level=None, main=<bound method BuildVerb.main of <colcon_core.verb.build.BuildVerb object at 0x7f9d9e2c9610>>, merge_install=False, metas=['./colcon.meta'], packages_above=None, packages_above_and_dependencies=None, packages_above_depth=None, packages_end=None, packages_ignore=None, packages_ignore_regex=None, packages_select=None, packages_select_build_failed=False, packages_select_by_dep=None, packages_select_regex=None, packages_select_test_failures=False, packages_skip=None, packages_skip_build_finished=False, packages_skip_by_dep=None, packages_skip_regex=None, packages_skip_test_passed=False, packages_skip_up_to=None, packages_start=None, packages_up_to=None, packages_up_to_regex=None, parallel_workers=8, paths=None, symlink_install=False, test_result_base=None, verb_extension=<colcon_core.verb.build.BuildVerb object at 0x7f9d9e2c9610>, verb_name='build', verb_parser=<colcon_defaults.argument_parser.defaults.DefaultArgumentsDecorator object at 0x7f9d9e2b8c40>)
[2.903s] Level 1:colcon.colcon_core.package_discovery:discover_packages(colcon_meta) check parameters
[2.904s] Level 1:colcon.colcon_core.package_discovery:discover_packages(recursive) check parameters
[2.904s] Level 1:colcon.colcon_core.package_discovery:discover_packages(ignore) check parameters
[2.904s] Level 1:colcon.colcon_core.package_discovery:discover_packages(path) check parameters
[2.904s] Level 1:colcon.colcon_core.package_discovery:discover_packages(colcon_meta) discover
[2.904s] Level 1:colcon.colcon_core.package_discovery:discover_packages(recursive) discover
[2.904s] INFO:colcon.colcon_core.package_discovery:Crawling recursively for packages in '/home/kirti/rarm_ws/src/rarm_5'
[2.904s] Level 1:colcon.colcon_core.package_identification:_identify(.) by extensions ['ignore', 'ignore_ament_install']
[2.904s] Level 1:colcon.colcon_core.package_identification:_identify(.) by extension 'ignore'
[2.904s] Level 1:colcon.colcon_core.package_identification:_identify(.) by extension 'ignore_ament_install'
[2.904s] Level 1:colcon.colcon_core.package_identification:_identify(.) by extensions ['colcon_pkg']
[2.904s] Level 1:colcon.colcon_core.package_identification:_identify(.) by extension 'colcon_pkg'
[2.904s] Level 1:colcon.colcon_core.package_identification:_identify(.) by extensions ['colcon_meta']
[2.904s] Level 1:colcon.colcon_core.package_identification:_identify(.) by extension 'colcon_meta'
[2.904s] Level 1:colcon.colcon_core.package_identification:_identify(.) by extensions ['ros']
[2.904s] Level 1:colcon.colcon_core.package_identification:_identify(.) by extension 'ros'
[2.917s] DEBUG:colcon.colcon_core.package_identification:Package '.' with type 'ros.ament_cmake' and name 'rarm_5'
[2.917s] Level 1:colcon.colcon_core.package_discovery:discover_packages(recursive) using defaults
[2.917s] Level 1:colcon.colcon_core.package_discovery:discover_packages(ignore) discover
[2.917s] Level 1:colcon.colcon_core.package_discovery:discover_packages(ignore) using defaults
[2.917s] Level 1:colcon.colcon_core.package_discovery:discover_packages(path) discover
[2.917s] Level 1:colcon.colcon_core.package_discovery:discover_packages(path) using defaults
[3.171s] Level 1:colcon.colcon_core.package_discovery:discover_packages(prefix_path) check parameters
[3.171s] Level 1:colcon.colcon_core.package_discovery:discover_packages(prefix_path) discover
[3.268s] DEBUG:colcon.colcon_installed_package_information.package_discovery:Found 1 installed packages in /home/kirti/rarm_ws/install
[3.319s] DEBUG:colcon.colcon_installed_package_information.package_discovery:Found 1 installed packages in /home/kirti/ENPM662/install
[3.382s] DEBUG:colcon.colcon_installed_package_information.package_discovery:Found 390 installed packages in /opt/ros/galactic
[3.384s] Level 1:colcon.colcon_core.package_discovery:discover_packages(prefix_path) using defaults
[3.607s] Level 5:colcon.colcon_core.verb:set package 'rarm_5' build argument 'cmake_args' from command line to 'None'
[3.607s] Level 5:colcon.colcon_core.verb:set package 'rarm_5' build argument 'cmake_target' from command line to 'None'
[3.607s] Level 5:colcon.colcon_core.verb:set package 'rarm_5' build argument 'cmake_target_skip_unavailable' from command line to 'False'
[3.607s] Level 5:colcon.colcon_core.verb:set package 'rarm_5' build argument 'cmake_clean_cache' from command line to 'False'
[3.607s] Level 5:colcon.colcon_core.verb:set package 'rarm_5' build argument 'cmake_clean_first' from command line to 'False'
[3.607s] Level 5:colcon.colcon_core.verb:set package 'rarm_5' build argument 'cmake_force_configure' from command line to 'False'
[3.607s] Level 5:colcon.colcon_core.verb:set package 'rarm_5' build argument 'ament_cmake_args' from command line to 'None'
[3.607s] Level 5:colcon.colcon_core.verb:set package 'rarm_5' build argument 'catkin_cmake_args' from command line to 'None'
[3.607s] Level 5:colcon.colcon_core.verb:set package 'rarm_5' build argument 'catkin_skip_building_tests' from command line to 'False'
[3.607s] DEBUG:colcon.colcon_core.verb:Building package 'rarm_5' with the following arguments: {'ament_cmake_args': None, 'build_base': '/home/kirti/rarm_ws/src/rarm_5/build/rarm_5', 'catkin_cmake_args': None, 'catkin_skip_building_tests': False, 'cmake_args': None, 'cmake_clean_cache': False, 'cmake_clean_first': False, 'cmake_force_configure': False, 'cmake_target': None, 'cmake_target_skip_unavailable': False, 'install_base': '/home/kirti/rarm_ws/src/rarm_5/install/rarm_5', 'merge_install': False, 'path': '/home/kirti/rarm_ws/src/rarm_5', 'symlink_install': False, 'test_result_base': None}
[3.656s] INFO:colcon.colcon_core.executor:Executing jobs using 'parallel' executor
[3.705s] DEBUG:colcon.colcon_parallel_executor.executor.parallel:run_until_complete
[3.705s] INFO:colcon.colcon_ros.task.ament_cmake.build:Building ROS package in '/home/kirti/rarm_ws/src/rarm_5' with build type 'ament_cmake'
[3.705s] INFO:colcon.colcon_cmake.task.cmake.build:Building CMake package in '/home/kirti/rarm_ws/src/rarm_5'
[3.758s] INFO:colcon.colcon_core.plugin_system:Skipping extension 'colcon_core.shell.bat': Not used on non-Windows systems
[3.759s] INFO:colcon.colcon_core.shell:Skip shell extension 'powershell' for command environment: Not usable outside of PowerShell
[3.759s] DEBUG:colcon.colcon_core.shell:Skip shell extension 'dsv' for command environment
[3.974s] DEBUG:colcon.colcon_core.event_handler.log_command:Invoking command in '/home/kirti/rarm_ws/src/rarm_5/build/rarm_5': CMAKE_PREFIX_PATH=${CMAKE_PREFIX_PATH}:/home/kirti/ENPM662/install/openloop_controller:/opt/ros/galactic /usr/bin/cmake /home/kirti/rarm_ws/src/rarm_5 -DCMAKE_INSTALL_PREFIX=/home/kirti/rarm_ws/src/rarm_5/install/rarm_5
[6.984s] DEBUG:colcon.colcon_core.event_handler.log_command:Invoked command in '/home/kirti/rarm_ws/src/rarm_5/build/rarm_5' returned '0': CMAKE_PREFIX_PATH=${CMAKE_PREFIX_PATH}:/home/kirti/ENPM662/install/openloop_controller:/opt/ros/galactic /usr/bin/cmake /home/kirti/rarm_ws/src/rarm_5 -DCMAKE_INSTALL_PREFIX=/home/kirti/rarm_ws/src/rarm_5/install/rarm_5
[6.990s] DEBUG:colcon.colcon_core.event_handler.log_command:Invoking command in '/home/kirti/rarm_ws/src/rarm_5/build/rarm_5': CMAKE_PREFIX_PATH=${CMAKE_PREFIX_PATH}:/home/kirti/ENPM662/install/openloop_controller:/opt/ros/galactic /usr/bin/cmake --build /home/kirti/rarm_ws/src/rarm_5/build/rarm_5 -- -j8 -l8
[7.055s] DEBUG:colcon.colcon_core.event_handler.log_command:Invoked command in '/home/kirti/rarm_ws/src/rarm_5/build/rarm_5' returned '0': CMAKE_PREFIX_PATH=${CMAKE_PREFIX_PATH}:/home/kirti/ENPM662/install/openloop_controller:/opt/ros/galactic /usr/bin/cmake --build /home/kirti/rarm_ws/src/rarm_5/build/rarm_5 -- -j8 -l8
[7.108s] DEBUG:colcon.colcon_core.event_handler.log_command:Invoking command in '/home/kirti/rarm_ws/src/rarm_5/build/rarm_5': CMAKE_PREFIX_PATH=${CMAKE_PREFIX_PATH}:/home/kirti/ENPM662/install/openloop_controller:/opt/ros/galactic /usr/bin/cmake --install /home/kirti/rarm_ws/src/rarm_5/build/rarm_5
[7.129s] Level 1:colcon.colcon_core.environment:create_environment_scripts_only(rarm_5)
[7.130s] DEBUG:colcon.colcon_core.event_handler.log_command:Invoked command in '/home/kirti/rarm_ws/src/rarm_5/build/rarm_5' returned '0': CMAKE_PREFIX_PATH=${CMAKE_PREFIX_PATH}:/home/kirti/ENPM662/install/openloop_controller:/opt/ros/galactic /usr/bin/cmake --install /home/kirti/rarm_ws/src/rarm_5/build/rarm_5
[7.218s] Level 1:colcon.colcon_core.environment:checking '/home/kirti/rarm_ws/src/rarm_5/install/rarm_5' for CMake module files
[7.219s] Level 1:colcon.colcon_core.environment:checking '/home/kirti/rarm_ws/src/rarm_5/install/rarm_5' for CMake config files
[7.220s] Level 1:colcon.colcon_core.shell:create_environment_hook('rarm_5', 'cmake_prefix_path')
[7.301s] INFO:colcon.colcon_core.shell:Creating environment hook '/home/kirti/rarm_ws/src/rarm_5/install/rarm_5/share/rarm_5/hook/cmake_prefix_path.ps1'
[7.303s] INFO:colcon.colcon_core.shell:Creating environment descriptor '/home/kirti/rarm_ws/src/rarm_5/install/rarm_5/share/rarm_5/hook/cmake_prefix_path.dsv'
[7.304s] INFO:colcon.colcon_core.shell:Creating environment hook '/home/kirti/rarm_ws/src/rarm_5/install/rarm_5/share/rarm_5/hook/cmake_prefix_path.sh'
[7.305s] Level 1:colcon.colcon_core.environment:checking '/home/kirti/rarm_ws/src/rarm_5/install/rarm_5/lib'
[7.305s] Level 1:colcon.colcon_core.environment:checking '/home/kirti/rarm_ws/src/rarm_5/install/rarm_5/bin'
[7.305s] Level 1:colcon.colcon_core.environment:checking '/home/kirti/rarm_ws/src/rarm_5/install/rarm_5/lib/pkgconfig/rarm_5.pc'
[7.306s] Level 1:colcon.colcon_core.environment:checking '/home/kirti/rarm_ws/src/rarm_5/install/rarm_5/lib/python3.8/site-packages'
[7.306s] Level 1:colcon.colcon_core.environment:checking '/home/kirti/rarm_ws/src/rarm_5/install/rarm_5/bin'
[7.383s] INFO:colcon.colcon_core.shell:Creating package script '/home/kirti/rarm_ws/src/rarm_5/install/rarm_5/share/rarm_5/package.ps1'
[7.384s] INFO:colcon.colcon_core.shell:Creating package descriptor '/home/kirti/rarm_ws/src/rarm_5/install/rarm_5/share/rarm_5/package.dsv'
[7.385s] INFO:colcon.colcon_core.shell:Creating package script '/home/kirti/rarm_ws/src/rarm_5/install/rarm_5/share/rarm_5/package.sh'
[7.386s] INFO:colcon.colcon_core.shell:Creating package script '/home/kirti/rarm_ws/src/rarm_5/install/rarm_5/share/rarm_5/package.bash'
[7.387s] INFO:colcon.colcon_core.shell:Creating package script '/home/kirti/rarm_ws/src/rarm_5/install/rarm_5/share/rarm_5/package.zsh'
[7.388s] Level 1:colcon.colcon_core.environment:create_file_with_runtime_dependencies(/home/kirti/rarm_ws/src/rarm_5/install/rarm_5/share/colcon-core/packages/rarm_5)
[7.518s] Level 1:colcon.colcon_core.environment:create_environment_scripts_only(rarm_5)
[7.597s] Level 1:colcon.colcon_core.environment:checking '/home/kirti/rarm_ws/src/rarm_5/install/rarm_5' for CMake module files
[7.598s] Level 1:colcon.colcon_core.environment:checking '/home/kirti/rarm_ws/src/rarm_5/install/rarm_5' for CMake config files
[7.599s] Level 1:colcon.colcon_core.shell:create_environment_hook('rarm_5', 'cmake_prefix_path')
[7.679s] INFO:colcon.colcon_core.shell:Creating environment hook '/home/kirti/rarm_ws/src/rarm_5/install/rarm_5/share/rarm_5/hook/cmake_prefix_path.ps1'
[7.680s] INFO:colcon.colcon_core.shell:Creating environment descriptor '/home/kirti/rarm_ws/src/rarm_5/install/rarm_5/share/rarm_5/hook/cmake_prefix_path.dsv'
[7.680s] INFO:colcon.colcon_core.shell:Creating environment hook '/home/kirti/rarm_ws/src/rarm_5/install/rarm_5/share/rarm_5/hook/cmake_prefix_path.sh'
[7.681s] Level 1:colcon.colcon_core.environment:checking '/home/kirti/rarm_ws/src/rarm_5/install/rarm_5/lib'
[7.681s] Level 1:colcon.colcon_core.environment:checking '/home/kirti/rarm_ws/src/rarm_5/install/rarm_5/bin'
[7.681s] Level 1:colcon.colcon_core.environment:checking '/home/kirti/rarm_ws/src/rarm_5/install/rarm_5/lib/pkgconfig/rarm_5.pc'
[7.682s] Level 1:colcon.colcon_core.environment:checking '/home/kirti/rarm_ws/src/rarm_5/install/rarm_5/lib/python3.8/site-packages'
[7.682s] Level 1:colcon.colcon_core.environment:checking '/home/kirti/rarm_ws/src/rarm_5/install/rarm_5/bin'
[7.757s] INFO:colcon.colcon_core.shell:Creating package script '/home/kirti/rarm_ws/src/rarm_5/install/rarm_5/share/rarm_5/package.ps1'
[7.758s] INFO:colcon.colcon_core.shell:Creating package descriptor '/home/kirti/rarm_ws/src/rarm_5/install/rarm_5/share/rarm_5/package.dsv'
[7.759s] INFO:colcon.colcon_core.shell:Creating package script '/home/kirti/rarm_ws/src/rarm_5/install/rarm_5/share/rarm_5/package.sh'
[7.759s] INFO:colcon.colcon_core.shell:Creating package script '/home/kirti/rarm_ws/src/rarm_5/install/rarm_5/share/rarm_5/package.bash'
[7.760s] INFO:colcon.colcon_core.shell:Creating package script '/home/kirti/rarm_ws/src/rarm_5/install/rarm_5/share/rarm_5/package.zsh'
[7.760s] Level 1:colcon.colcon_core.environment:create_file_with_runtime_dependencies(/home/kirti/rarm_ws/src/rarm_5/install/rarm_5/share/colcon-core/packages/rarm_5)
[7.761s] DEBUG:colcon.colcon_parallel_executor.executor.parallel:closing loop
[7.761s] DEBUG:colcon.colcon_parallel_executor.executor.parallel:loop closed
[7.761s] DEBUG:colcon.colcon_parallel_executor.executor.parallel:run_until_complete finished with '0'
[7.761s] DEBUG:colcon.colcon_core.event_reactor:joining thread
[7.850s] INFO:colcon.colcon_core.plugin_system:Skipping extension 'colcon_notification.desktop_notification.terminal_notifier': Not used on non-Darwin systems
[7.851s] INFO:colcon.colcon_core.plugin_system:Skipping extension 'colcon_notification.desktop_notification.win32': Not used on non-Windows systems
[7.851s] INFO:colcon.colcon_notification.desktop_notification:Sending desktop notification using 'notify2'
[7.871s] DEBUG:colcon.colcon_core.event_reactor:joined thread
[7.932s] INFO:colcon.colcon_core.shell:Creating prefix script '/home/kirti/rarm_ws/src/rarm_5/install/local_setup.ps1'
[7.932s] INFO:colcon.colcon_core.shell:Creating prefix util module '/home/kirti/rarm_ws/src/rarm_5/install/_local_setup_util_ps1.py'
[7.933s] INFO:colcon.colcon_core.shell:Creating prefix chain script '/home/kirti/rarm_ws/src/rarm_5/install/setup.ps1'
[7.980s] INFO:colcon.colcon_core.shell:Creating prefix script '/home/kirti/rarm_ws/src/rarm_5/install/local_setup.sh'
[7.981s] INFO:colcon.colcon_core.shell:Creating prefix util module '/home/kirti/rarm_ws/src/rarm_5/install/_local_setup_util_sh.py'
[7.981s] INFO:colcon.colcon_core.shell:Creating prefix chain script '/home/kirti/rarm_ws/src/rarm_5/install/setup.sh'
[8.030s] INFO:colcon.colcon_core.shell:Creating prefix script '/home/kirti/rarm_ws/src/rarm_5/install/local_setup.bash'
[8.031s] INFO:colcon.colcon_core.shell:Creating prefix chain script '/home/kirti/rarm_ws/src/rarm_5/install/setup.bash'
[8.085s] INFO:colcon.colcon_core.shell:Creating prefix script '/home/kirti/rarm_ws/src/rarm_5/install/local_setup.zsh'
[8.085s] INFO:colcon.colcon_core.shell:Creating prefix chain script '/home/kirti/rarm_ws/src/rarm_5/install/setup.zsh'
